[1 of 1] Compiling Test             ( A.hs, A.o )
[1 of 1] Compiling Test             ( A.hs, A.o )
