
T8889.hs:12:1: warning:
    Top-level binding with no type signature:
      f :: forall (f :: * -> *) b a.
           (C f, C_fmap f a) =>
           (a -> b) -> f a -> f b
